C:\Users\User\Documents\workspace-spring-tool-suite-4-4.21.1.RELEASE\HealthcareScreeningAppointmentSystem\src\main\java\com\kpjjohor\healthcare\exception\GlobalExceptionHandler.java
C:\Users\User\Documents\workspace-spring-tool-suite-4-4.21.1.RELEASE\HealthcareScreeningAppointmentSystem\src\main\java\com\kpjjohor\healthcare\model\Role.java
C:\Users\User\Documents\workspace-spring-tool-suite-4-4.21.1.RELEASE\HealthcareScreeningAppointmentSystem\src\main\java\com\kpjjohor\healthcare\service\impl\UserServiceImpl.java
C:\Users\User\Documents\workspace-spring-tool-suite-4-4.21.1.RELEASE\HealthcareScreeningAppointmentSystem\src\main\java\com\kpjjohor\healthcare\service\impl\UserRoleServiceImpl.java
C:\Users\User\Documents\workspace-spring-tool-suite-4-4.21.1.RELEASE\HealthcareScreeningAppointmentSystem\src\main\java\com\kpjjohor\healthcare\model\UserRoleEnum.java
C:\Users\User\Documents\workspace-spring-tool-suite-4-4.21.1.RELEASE\HealthcareScreeningAppointmentSystem\src\main\java\com\kpjjohor\healthcare\controller\UserController.java
C:\Users\User\Documents\workspace-spring-tool-suite-4-4.21.1.RELEASE\HealthcareScreeningAppointmentSystem\src\main\java\com\kpjjohor\healthcare\repository\UserRoleEnum.java
C:\Users\User\Documents\workspace-spring-tool-suite-4-4.21.1.RELEASE\HealthcareScreeningAppointmentSystem\src\main\java\com\kpjjohor\healthcare\service\AppointmentService.java
C:\Users\User\Documents\workspace-spring-tool-suite-4-4.21.1.RELEASE\HealthcareScreeningAppointmentSystem\src\main\java\com\kpjjohor\healthcare\service\impl\HealthScreeningPackageServiceImpl.java
C:\Users\User\Documents\workspace-spring-tool-suite-4-4.21.1.RELEASE\HealthcareScreeningAppointmentSystem\src\main\java\com\kpjjohor\healthcare\service\UserService.java
C:\Users\User\Documents\workspace-spring-tool-suite-4-4.21.1.RELEASE\HealthcareScreeningAppointmentSystem\src\main\java\com\kpjjohor\healthcare\controller\AdminController.java
C:\Users\User\Documents\workspace-spring-tool-suite-4-4.21.1.RELEASE\HealthcareScreeningAppointmentSystem\src\main\java\com\kpjjohor\healthcare\HsasApplication.java
C:\Users\User\Documents\workspace-spring-tool-suite-4-4.21.1.RELEASE\HealthcareScreeningAppointmentSystem\src\main\java\com\kpjjohor\healthcare\controller\AppointmentController.java
C:\Users\User\Documents\workspace-spring-tool-suite-4-4.21.1.RELEASE\HealthcareScreeningAppointmentSystem\src\main\java\com\kpjjohor\healthcare\model\Appointment.java
C:\Users\User\Documents\workspace-spring-tool-suite-4-4.21.1.RELEASE\HealthcareScreeningAppointmentSystem\src\main\java\com\kpjjohor\healthcare\service\impl\RoleServiceImpl.java
C:\Users\User\Documents\workspace-spring-tool-suite-4-4.21.1.RELEASE\HealthcareScreeningAppointmentSystem\src\main\java\com\kpjjohor\healthcare\model\HealthScreeningPackage.java
C:\Users\User\Documents\workspace-spring-tool-suite-4-4.21.1.RELEASE\HealthcareScreeningAppointmentSystem\src\main\java\com\kpjjohor\healthcare\repository\RoleRepository.java
C:\Users\User\Documents\workspace-spring-tool-suite-4-4.21.1.RELEASE\HealthcareScreeningAppointmentSystem\src\main\java\com\kpjjohor\healthcare\repository\HealthScreeningPackageRepository.java
C:\Users\User\Documents\workspace-spring-tool-suite-4-4.21.1.RELEASE\HealthcareScreeningAppointmentSystem\src\main\java\com\kpjjohor\healthcare\service\impl\AppointmentServiceImpl.java
C:\Users\User\Documents\workspace-spring-tool-suite-4-4.21.1.RELEASE\HealthcareScreeningAppointmentSystem\src\main\java\com\kpjjohor\healthcare\model\AppointmentStatus.java
C:\Users\User\Documents\workspace-spring-tool-suite-4-4.21.1.RELEASE\HealthcareScreeningAppointmentSystem\src\main\java\com\kpjjohor\healthcare\service\RoleService.java
C:\Users\User\Documents\workspace-spring-tool-suite-4-4.21.1.RELEASE\HealthcareScreeningAppointmentSystem\src\main\java\com\kpjjohor\healthcare\service\UserRoleService.java
C:\Users\User\Documents\workspace-spring-tool-suite-4-4.21.1.RELEASE\HealthcareScreeningAppointmentSystem\src\main\java\com\kpjjohor\healthcare\model\User.java
C:\Users\User\Documents\workspace-spring-tool-suite-4-4.21.1.RELEASE\HealthcareScreeningAppointmentSystem\src\main\java\com\kpjjohor\healthcare\repository\AppointmentRepository.java
C:\Users\User\Documents\workspace-spring-tool-suite-4-4.21.1.RELEASE\HealthcareScreeningAppointmentSystem\src\main\java\com\kpjjohor\healthcare\repository\UserRoleRepository.java
C:\Users\User\Documents\workspace-spring-tool-suite-4-4.21.1.RELEASE\HealthcareScreeningAppointmentSystem\src\main\java\com\kpjjohor\healthcare\repository\UserRepository.java
C:\Users\User\Documents\workspace-spring-tool-suite-4-4.21.1.RELEASE\HealthcareScreeningAppointmentSystem\src\main\java\com\kpjjohor\healthcare\service\HealthScreeningPackageService.java
C:\Users\User\Documents\workspace-spring-tool-suite-4-4.21.1.RELEASE\HealthcareScreeningAppointmentSystem\src\main\java\com\kpjjohor\healthcare\model\UserRole.java
